// Jest Snapshot v1, https://goo.gl/fbAQLP

exports[`renders Group UI as expected 1`] = `
<div
  id="group"
>
  <h1>
    Viewing all
     
    Desserts
  </h1>
  <div
    className="shop-flex"
  />
</div>
`;
