// Jest Snapshot v1, https://goo.gl/fbAQLP

exports[`renders NotFound UI as expected 1`] = `
<div
  id="not-found"
>
  <h1
    id="not-found-h1"
  >
    Sorry, the page you are looking for is not here...
  </h1>
</div>
`;
